// Jest Snapshot v1, https://goo.gl/fbAQLP

exports[`<ManagePage /> Should render and match the snapshot 1`] = `
<div
  class="MuiPaper-root MuiPaper-elevation2 MuiPaper-rounded"
  style="position: relative;"
>
  <div
    class="MuiToolbar-root MuiToolbar-regular MTableToolbar-root-255 MuiToolbar-gutters"
  >
    <div
      class="MTableToolbar-title-259"
    >
      <h6
        class="MuiTypography-root MuiTypography-h6"
        style="white-space: nowrap; overflow: hidden; text-overflow: ellipsis;"
      >
        Library Manager
      </h6>
    </div>
    <div
      class="MTableToolbar-spacer-257"
    />
    <div
      class="MuiFormControl-root MuiTextField-root MTableToolbar-searchField-260"
    >
      <div
        class="MuiInputBase-root MuiInput-root MuiInput-underline MuiInputBase-formControl MuiInput-formControl MuiInputBase-adornedStart MuiInputBase-adornedEnd"
      >
        <div
          class="MuiInputAdornment-root MuiInputAdornment-positionStart"
        >
          <span
            aria-hidden="true"
            class="material-icons MuiIcon-root MuiIcon-fontSizeSmall"
            title="Search"
          >
            search
          </span>
        </div>
        <input
          aria-invalid="false"
          class="MuiInputBase-input MuiInput-input MuiInputBase-inputAdornedStart MuiInputBase-inputAdornedEnd"
          placeholder="Search"
          type="text"
          value=""
        />
        <div
          class="MuiInputAdornment-root MuiInputAdornment-positionEnd"
        >
          <button
            class="MuiButtonBase-root MuiIconButton-root Mui-disabled Mui-disabled"
            disabled=""
            tabindex="-1"
            type="button"
          >
            <span
              class="MuiIconButton-label"
            >
              <span
                aria-hidden="true"
                class="material-icons MuiIcon-root MuiIcon-fontSizeSmall"
              >
                clear
              </span>
            </span>
          </button>
        </div>
      </div>
    </div>
    <div
      class="MTableToolbar-actions-258"
    >
      <div>
        <div>
          <span>
            <button
              class="MuiButtonBase-root MuiIconButton-root MuiIconButton-colorInherit"
              tabindex="0"
              title="Add"
              type="button"
            >
              <span
                class="MuiIconButton-label"
              >
                <span
                  aria-hidden="true"
                  class="material-icons MuiIcon-root"
                >
                  add_box
                </span>
              </span>
              <span
                class="MuiTouchRipple-root"
              />
            </button>
          </span>
        </div>
      </div>
    </div>
  </div>
  <div
    class="Component-horizontalScrollContainer-372"
    style="overflow-x: auto;"
  >
    <div>
      <div
        style="overflow-y: auto;"
      >
        <table
          class="MuiTable-root"
        >
          <thead
            class="MuiTableHead-root"
          >
            <tr
              class="MuiTableRow-root MuiTableRow-head"
            >
              <th
                class="MuiTableCell-root MuiTableCell-head MTableHeader-header-375 MuiTableCell-paddingCheckbox"
                scope="col"
                style="text-align: center;"
              >
                <span
                  aria-disabled="true"
                  class="MuiButtonBase-root MuiTableSortLabel-root Mui-disabled"
                  role="button"
                  tabindex="-1"
                >
                  Actions
                  <svg
                    aria-hidden="true"
                    class="MuiSvgIcon-root MuiTableSortLabel-icon MuiTableSortLabel-iconDirectionAsc"
                    focusable="false"
                    role="presentation"
                    viewBox="0 0 24 24"
                  >
                    <path
                      d="M20 12l-1.41-1.41L13 16.17V4h-2v12.17l-5.58-5.59L4 12l8 8 8-8z"
                    />
                  </svg>
                </span>
              </th>
              <th
                class="MuiTableCell-root MuiTableCell-head MTableHeader-header-375 MuiTableCell-alignLeft"
                scope="col"
              >
                <span
                  aria-disabled="false"
                  class="MuiButtonBase-root MuiTableSortLabel-root"
                  role="button"
                  tabindex="0"
                >
                  <div
                    aria-roledescription="Draggable item. Press space bar to lift"
                    data-react-beautiful-dnd-drag-handle="1"
                    data-react-beautiful-dnd-draggable="1"
                    draggable="false"
                    tabindex="0"
                  >
                    ISBN
                  </div>
                  <span
                    aria-hidden="true"
                    class="material-icons MuiIcon-root MuiTableSortLabel-icon MuiTableSortLabel-iconDirectionAsc"
                  >
                    arrow_downward
                  </span>
                </span>
              </th>
              <th
                class="MuiTableCell-root MuiTableCell-head MTableHeader-header-375 MuiTableCell-alignLeft"
                scope="col"
              >
                <span
                  aria-disabled="false"
                  class="MuiButtonBase-root MuiTableSortLabel-root"
                  role="button"
                  tabindex="0"
                >
                  <div
                    aria-roledescription="Draggable item. Press space bar to lift"
                    data-react-beautiful-dnd-drag-handle="1"
                    data-react-beautiful-dnd-draggable="1"
                    draggable="false"
                    tabindex="0"
                  >
                    Title
                  </div>
                  <span
                    aria-hidden="true"
                    class="material-icons MuiIcon-root MuiTableSortLabel-icon MuiTableSortLabel-iconDirectionAsc"
                  >
                    arrow_downward
                  </span>
                </span>
              </th>
              <th
                class="MuiTableCell-root MuiTableCell-head MTableHeader-header-375 MuiTableCell-alignLeft"
                scope="col"
              >
                <span
                  aria-disabled="false"
                  class="MuiButtonBase-root MuiTableSortLabel-root"
                  role="button"
                  tabindex="0"
                >
                  <div
                    aria-roledescription="Draggable item. Press space bar to lift"
                    data-react-beautiful-dnd-drag-handle="1"
                    data-react-beautiful-dnd-draggable="1"
                    draggable="false"
                    tabindex="0"
                  >
                    Author
                  </div>
                  <span
                    aria-hidden="true"
                    class="material-icons MuiIcon-root MuiTableSortLabel-icon MuiTableSortLabel-iconDirectionAsc"
                  >
                    arrow_downward
                  </span>
                </span>
              </th>
              <th
                class="MuiTableCell-root MuiTableCell-head MTableHeader-header-375 MuiTableCell-alignLeft"
                scope="col"
              >
                <span
                  aria-disabled="false"
                  class="MuiButtonBase-root MuiTableSortLabel-root"
                  role="button"
                  tabindex="0"
                >
                  <div
                    aria-roledescription="Draggable item. Press space bar to lift"
                    data-react-beautiful-dnd-drag-handle="1"
                    data-react-beautiful-dnd-draggable="1"
                    draggable="false"
                    tabindex="0"
                  >
                    Description
                  </div>
                  <span
                    aria-hidden="true"
                    class="material-icons MuiIcon-root MuiTableSortLabel-icon MuiTableSortLabel-iconDirectionAsc"
                  >
                    arrow_downward
                  </span>
                </span>
              </th>
            </tr>
          </thead>
          <tbody
            class="MuiTableBody-root"
          >
            <tr
              class="MuiTableRow-root"
              style="height: 245px;"
            >
              <td
                class="MuiTableCell-root MuiTableCell-body"
                colspan="5"
                style="padding-top: 0px; padding-bottom: 0px; text-align: center;"
              >
                No records to display
              </td>
            </tr>
          </tbody>
        </table>
      </div>
    </div>
  </div>
  <table
    class="MuiTable-root"
  >
    <tfoot
      class="MuiTableFooter-root"
      style="display: grid;"
    >
      <tr
        class="MuiTableRow-root MuiTableRow-footer"
      >
        <td
          class="MuiTableCell-root MuiTableCell-footer MuiTablePagination-root Component-paginationRoot-223"
          colspan="3"
          icons="[object Object]"
          style="float: right; overflow-x: auto;"
        >
          <div
            class="MuiToolbar-root MuiToolbar-regular MuiTablePagination-toolbar Component-paginationToolbar-224 MuiToolbar-gutters"
          >
            <div
              class="MuiTablePagination-spacer"
            />
            <p
              class="MuiTypography-root MuiTablePagination-caption Component-paginationCaption-225 MuiTypography-body2 MuiTypography-colorInherit"
            >
              Rows per page:
            </p>
            <div
              class="MuiInputBase-root MuiTablePagination-input MuiTablePagination-selectRoot Component-paginationSelectRoot-226"
            >
              <div
                aria-haspopup="listbox"
                aria-labelledby=" "
                class="MuiSelect-root MuiSelect-select MuiTablePagination-select MuiSelect-selectMenu MuiInputBase-input"
                role="button"
                tabindex="0"
              >
                <div
                  style="padding: 0px 5px;"
                >
                  5 rows 
                </div>
              </div>
              <input
                type="hidden"
                value="5"
              />
              <svg
                aria-hidden="true"
                class="MuiSvgIcon-root MuiSelect-icon MuiTablePagination-selectIcon"
                focusable="false"
                role="presentation"
                viewBox="0 0 24 24"
              >
                <path
                  d="M7 10l5 5 5-5z"
                />
              </svg>
            </div>
            <p
              class="MuiTypography-root MuiTablePagination-caption Component-paginationCaption-225 MuiTypography-body2 MuiTypography-colorInherit"
            >
              0-0 of 0
            </p>
            <div
              class="MTablePaginationInner-root-434"
            >
              <span
                class=""
                title="First Page"
              >
                <button
                  class="MuiButtonBase-root MuiIconButton-root Mui-disabled Mui-disabled"
                  disabled=""
                  tabindex="-1"
                  type="button"
                >
                  <span
                    class="MuiIconButton-label"
                  >
                    <span
                      aria-hidden="true"
                      class="material-icons MuiIcon-root"
                    >
                      first_page
                    </span>
                  </span>
                </button>
              </span>
              <span
                class=""
                title="Previous Page"
              >
                <button
                  class="MuiButtonBase-root MuiIconButton-root Mui-disabled Mui-disabled"
                  disabled=""
                  tabindex="-1"
                  type="button"
                >
                  <span
                    class="MuiIconButton-label"
                  >
                    <span
                      aria-hidden="true"
                      class="material-icons MuiIcon-root"
                    >
                      chevron_left
                    </span>
                  </span>
                </button>
              </span>
              <span
                class="MuiTypography-root MuiTypography-caption"
                style="flex: 1; text-align: center; align-self: center; flex-basis: inherit;"
              >
                1-0 of 0
              </span>
              <span
                class=""
                title="Next Page"
              >
                <button
                  class="MuiButtonBase-root MuiIconButton-root Mui-disabled Mui-disabled"
                  disabled=""
                  tabindex="-1"
                  type="button"
                >
                  <span
                    class="MuiIconButton-label"
                  >
                    <span
                      aria-hidden="true"
                      class="material-icons MuiIcon-root"
                    >
                      chevron_right
                    </span>
                  </span>
                </button>
              </span>
              <span
                class=""
                title="Last Page"
              >
                <button
                  class="MuiButtonBase-root MuiIconButton-root Mui-disabled Mui-disabled"
                  disabled=""
                  tabindex="-1"
                  type="button"
                >
                  <span
                    class="MuiIconButton-label"
                  >
                    <span
                      aria-hidden="true"
                      class="material-icons MuiIcon-root"
                    >
                      last_page
                    </span>
                  </span>
                </button>
              </span>
            </div>
          </div>
        </td>
      </tr>
    </tfoot>
  </table>
</div>
`;
