// Jest Snapshot v1, https://goo.gl/fbAQLP

exports[`<HomePage /> should render books and match the snapshot 1`] = `
<main>
  <div
    class="MuiContainer-root MuiContainer-maxWidthLg"
  >
    <div
      class="MuiGrid-root MuiGrid-container MuiGrid-spacing-xs-4"
    >
      <div
        class="MuiGrid-root MuiGrid-item MuiGrid-grid-md-3"
      >
        <div
          class="MuiPaper-root MuiCard-root MuiPaper-elevation1 MuiPaper-rounded"
        >
          <div
            class="MuiCardContent-root"
          >
            <h2
              class="MuiTypography-root MuiTypography-h5"
            >
              The Adventures of Foo Bar
            </h2>
            <p
              class="MuiTypography-root MuiTypography-body1 MuiTypography-colorTextSecondary"
            >
              Mr. Foo Bar III
            </p>
            <span
              class="MuiTypography-root MuiTypography-caption MuiTypography-gutterBottom MuiTypography-displayBlock"
            >
              12345678
            </span>
            <p
              class="MuiTypography-root MuiTypography-body2"
            >
              Where did 'foo' and 'bar' come from? Find out in this timeless classic.
            </p>
          </div>
          <div
            class="MuiCardActions-root MuiCardActions-spacing"
          >
            <button
              class="MuiButtonBase-root MuiButton-root MuiButton-text MuiButton-textSizeSmall MuiButton-sizeSmall"
              tabindex="0"
              type="button"
            >
              <span
                class="MuiButton-label"
              >
                Checkout
              </span>
              <span
                class="MuiTouchRipple-root"
              />
            </button>
          </div>
        </div>
      </div>
    </div>
  </div>
</main>
`;
