// Jest Snapshot v1, https://goo.gl/fbAQLP

exports[`<HomePage /> should render books and match the snapshot 1`] = `
<div>
  <ul>
    <li>
      The Adventures of Foo Bar
      <button
        type="button"
      >
        Checkout
      </button>
    </li>
  </ul>
  <button
    type="button"
  >
    Add Book
  </button>
</div>
`;
